
===========================================================================
 report_power
============================================================================
======================= max_ss_100C_1v60 Corner ===================================

Group                    Internal    Switching      Leakage        Total
                            Power        Power        Power        Power (Watts)
------------------------------------------------------------------------
Sequential           6.382642e-03 6.400593e-04 5.469111e-05 7.077393e-03  14.5%
Combinational        1.585495e-02 2.156941e-02 1.043319e-04 3.752869e-02  77.0%
Clock                2.190237e-03 1.946325e-03 7.637591e-06 4.144200e-03   8.5%
Macro                0.000000e+00 0.000000e+00 0.000000e+00 0.000000e+00   0.0%
Pad                  0.000000e+00 0.000000e+00 0.000000e+00 0.000000e+00   0.0%
------------------------------------------------------------------------
Total                2.442783e-02 2.415578e-02 1.666561e-04 4.875027e-02 100.0%
                            50.1%        49.6%         0.3%

