OpenROAD dcf36133a369abc8f3c5e5738cd4d82e4903c0e0 
Features included (+) or not (-): +GPU +GUI +Python
This program is licensed under the BSD-3 license. See the LICENSE file for details.
Components of this program may be licensed under more restrictive licenses which must be honored.
[INFO ODB-0227] LEF file: /home/void/.ciel/sky130A/libs.ref/sky130_fd_sc_hd/techlef/sky130_fd_sc_hd__nom.tlef, created 14 layers, 25 vias
[WARNING ODB-0220] WARNING (LEFPARS-2008): NOWIREEXTENSIONATPIN statement is obsolete in version 5.6 or later.
The NOWIREEXTENSIONATPIN statement will be ignored. See file /home/void/.ciel/sky130A/libs.ref/sky130_fd_sc_hd/lef/sky130_fd_sc_hd.lef at line 2.

[INFO ODB-0227] LEF file: /home/void/.ciel/sky130A/libs.ref/sky130_fd_sc_hd/lef/sky130_fd_sc_hd.lef, created 437 library cells
[WARNING ODB-0220] WARNING (LEFPARS-2008): NOWIREEXTENSIONATPIN statement is obsolete in version 5.6 or later.
The NOWIREEXTENSIONATPIN statement will be ignored. See file /home/void/.ciel/sky130A/libs.ref/sky130_fd_sc_hd/lef/sky130_ef_sc_hd.lef at line 2.

[INFO ODB-0227] LEF file: /home/void/.ciel/sky130A/libs.ref/sky130_fd_sc_hd/lef/sky130_ef_sc_hd.lef, created 8 library cells
[WARNING STA-0441] set_input_delay relative to a clock defined on the same port/pin not allowed.
Startpoint: rst_n (input port clocked by clk)
Endpoint: _18622_ (recovery check against rising-edge clock clk)
Path Group: asynchronous
Path Type: max

   Delay     Time   Description
-----------------------------------------------------------
   0.000    0.000   clock clk (rise edge)
   0.000    0.000   clock network delay (ideal)
   2.000    2.000 ^ input external delay
   0.000    2.000 ^ rst_n (in)
   0.000    2.000 ^ _18622_/SET_B (sky130_fd_sc_hd__dfstp_1)
            2.000   data arrival time

  10.000   10.000   clock clk (rise edge)
   0.000   10.000   clock network delay (ideal)
   0.000   10.000   clock reconvergence pessimism
           10.000 ^ _18622_/CLK (sky130_fd_sc_hd__dfstp_1)
   0.129   10.129   library recovery time
           10.129   data required time
-----------------------------------------------------------
           10.129   data required time
           -2.000   data arrival time
-----------------------------------------------------------
            8.129   slack (MET)


Startpoint: _18796_ (rising edge-triggered flip-flop clocked by clk)
Endpoint: _15272_ (rising edge-triggered flip-flop clocked by clk)
Path Group: clk
Path Type: max

   Delay     Time   Description
-----------------------------------------------------------
   0.000    0.000   clock clk (rise edge)
   0.000    0.000   clock network delay (ideal)
   0.000    0.000 ^ _18796_/CLK (sky130_fd_sc_hd__dfrtp_1)
   0.568    0.568 v _18796_/Q (sky130_fd_sc_hd__dfrtp_1)
   1.415    1.983 ^ _09849_/Y (sky130_fd_sc_hd__nor3_1)
   0.347    2.330 v _09856_/Y (sky130_fd_sc_hd__a21oi_1)
   0.261    2.591 v _09859_/X (sky130_fd_sc_hd__xor2_1)
   0.148    2.739 v _09860_/Y (sky130_fd_sc_hd__xnor2_1)
   1.827    4.566 ^ _09872_/Y (sky130_fd_sc_hd__xnor2_1)
  20.073   24.639 ^ _11924_/Y (sky130_fd_sc_hd__mux2i_1)
   3.121   27.760 ^ _13531_/X (sky130_fd_sc_hd__mux4_2)
   0.073   27.833 v _13541_/Y (sky130_fd_sc_hd__nor2_1)
   0.184   28.016 ^ _13542_/Y (sky130_fd_sc_hd__nor2_1)
   0.097   28.114 v _13543_/Y (sky130_fd_sc_hd__o21ai_0)
   0.489   28.603 ^ _13562_/Y (sky130_fd_sc_hd__a31oi_1)
   0.260   28.863 ^ _13700_/X (sky130_fd_sc_hd__mux4_2)
   0.000   28.863 ^ _15272_/D (sky130_fd_sc_hd__edfxtp_1)
           28.863   data arrival time

  10.000   10.000   clock clk (rise edge)
   0.000   10.000   clock network delay (ideal)
   0.000   10.000   clock reconvergence pessimism
           10.000 ^ _15272_/CLK (sky130_fd_sc_hd__edfxtp_1)
  -0.147    9.853   library setup time
            9.853   data required time
-----------------------------------------------------------
            9.853   data required time
          -28.863   data arrival time
-----------------------------------------------------------
          -19.010   slack (VIOLATED)


Startpoint: rst_n (input port clocked by clk)
Endpoint: _15283_ (removal check against rising-edge clock clk)
Path Group: asynchronous
Path Type: min

   Delay     Time   Description
-----------------------------------------------------------
   0.000    0.000   clock clk (rise edge)
   0.000    0.000   clock network delay (ideal)
   2.000    2.000 ^ input external delay
   0.000    2.000 ^ rst_n (in)
   0.000    2.000 ^ _15283_/RESET_B (sky130_fd_sc_hd__dfrtp_1)
            2.000   data arrival time

   0.000    0.000   clock clk (rise edge)
   0.000    0.000   clock network delay (ideal)
   0.000    0.000   clock reconvergence pessimism
            0.000 ^ _15283_/CLK (sky130_fd_sc_hd__dfrtp_1)
   0.296    0.296   library removal time
            0.296   data required time
-----------------------------------------------------------
            0.296   data required time
           -2.000   data arrival time
-----------------------------------------------------------
            1.704   slack (MET)


Startpoint: _15351_ (rising edge-triggered flip-flop clocked by clk)
Endpoint: _15300_ (rising edge-triggered flip-flop clocked by clk)
Path Group: clk
Path Type: min

   Delay     Time   Description
-----------------------------------------------------------
   0.000    0.000   clock clk (rise edge)
   0.000    0.000   clock network delay (ideal)
   0.000    0.000 ^ _15351_/CLK (sky130_fd_sc_hd__dfrtp_1)
   0.291    0.291 ^ _15351_/Q (sky130_fd_sc_hd__dfrtp_1)
   0.000    0.291 ^ _15300_/D (sky130_fd_sc_hd__dfrtp_1)
            0.291   data arrival time

   0.000    0.000   clock clk (rise edge)
   0.000    0.000   clock network delay (ideal)
   0.000    0.000   clock reconvergence pessimism
            0.000 ^ _15300_/CLK (sky130_fd_sc_hd__dfrtp_1)
  -0.040   -0.040   library hold time
           -0.040   data required time
-----------------------------------------------------------
           -0.040   data required time
           -0.291   data arrival time
-----------------------------------------------------------
            0.331   slack (MET)


wns max -19.01
tns max -2776.48
